
> guide-wakfu@0.0.1 build
> astro build

11:30:35 [types] Generated 313ms
11:30:35 [build] output: "static"
11:30:35 [build] directory: C:\Users\Administrateur\Desktop\nexuswakfu\dist\
11:30:35 [build] Collecting build info...
11:30:35 [build] Ô£ô Completed in 372ms.
11:30:35 [build] Building static entrypoints...
node.exe : 11:30:36 [ERROR] [vite] [31mx[39m Build failed in 1.54s
At C:\Program Files\nodejs\npm.ps1:29 char:3
+   & $NODE_EXE $NPM_CLI_JS $args
+   ~~~~~~~~~~~~~~~~~~~~~~~~~~~~~
    + CategoryInfo          : NotSpecified: (11:30:36 [ERROR...failed in 1.54s 
   :String) [], RemoteException
    + FullyQualifiedErrorId : NativeCommandError
 
[vite]: Rollup failed to resolve import "@utils/dungeonUtils" from 
"C:/Users/Administrateur/Desktop/nexuswakfu/src/pages/donjons/[slug].astro".
This is most likely unintended because it can break your application at 
runtime.
If you do want to externalize this module explicitly add it to
`build.rollupOptions.external`
  Stack trace:
    at viteWarn (file:///C:/Users/Administrateur/Desktop/nexuswakfu/node_module
s/vite/dist/node/chunks/dep-C6uTJdX2.js:65839:17)
    at onRollupWarning (file:///C:/Users/Administrateur/Desktop/nexuswakfu/node
_modules/vite/dist/node/chunks/dep-C6uTJdX2.js:65869:5)
    at file:///C:/Users/Administrateur/Desktop/nexuswakfu/node_modules/rollup/d
ist/es/shared/node-entry.js:20723:13
    at ModuleLoader.handleInvalidResolvedId (file:///C:/Users/Administrateur/De
sktop/nexuswakfu/node_modules/rollup/dist/es/shared/node-entry.js:21335:26)
